F
======================================================================
FAIL: test_auto_run_quit_probe (__main__.TestCLIAutomation.test_auto_run_quit_probe)
Test that --auto-run --auto-quit --probe works correctly.
----------------------------------------------------------------------
Traceback (most recent call last):
  File "/Users/ppal/repos/pyprobe/tests/test_cli_automation.py", line 80, in test_auto_run_quit_probe
    self.assertIn("DEBUG: MainWindow received data for x", output, "GUI did not receive probe data for x")
AssertionError: 'DEBUG: MainWindow received data for x' not found in "2026-02-10 02:04:54,828 - pyprobe - DEBUG - Logging configured: level=DEBUG, log_file=/tmp/pyprobe_debug.log, console=True\n2026-02-10 02:04:55,082 - pyprobe.analysis.ast_locator - DEBUG - Classified x at L2:C4 as SymbolType.DATA_VARIABLE\n2026-02-10 02:04:55,083 - pyprobe.analysis.ast_locator - DEBUG - Classified i at L3:C8 as SymbolType.DATA_VARIABLE\n2026-02-10 02:04:55,083 - pyprobe.analysis.ast_locator - DEBUG - Classified __name__ at L7:C3 as SymbolType.UNKNOWN\n2026-02-10 02:04:55,083 - pyprobe.analysis.ast_locator - DEBUG - Classified range at L3:C13 as SymbolType.FUNCTION_CALL\n2026-02-10 02:04:55,083 - pyprobe.analysis.ast_locator - DEBUG - Classified x at L4:C8 as SymbolType.DATA_VARIABLE\n2026-02-10 02:04:55,083 - pyprobe.analysis.ast_locator - DEBUG - Classified main at L8:C4 as SymbolType.FUNCTION_CALL\n2026-02-10 02:04:55,083 - pyprobe.analysis.ast_locator - DEBUG - Classified x at L4:C12 as SymbolType.UNKNOWN\n2026-02-10 02:04:55,083 - pyprobe.gui.main_window - DEBUG - Processing CLI probe: x at line 4, instance 1\n2026-02-10 02:04:55,083 - pyprobe.gui.probe_controller - DEBUG - add_probe called with anchor: ProbeAnchor(file='/Users/ppal/repos/pyprobe/regression/loop.py', line=4, col=8, symbol='x', func='main', is_assignment=True)\n2026-02-10 02:04:55,083 - pyprobe.gui.probe_controller - DEBUG - Probe added, assigned color: #ee2b2b\n2026-02-10 02:04:55,083 - pyprobe.gui.code_viewer - DEBUG - set_probe_active called with anchor: ProbeAnchor(file='/Users/ppal/repos/pyprobe/regression/loop.py', line=4, col=8, symbol='x', func='main', is_assignment=True)\n2026-02-10 02:04:55,083 - pyprobe.gui.code_viewer - DEBUG - Before: _active_probes keys: []\n2026-02-10 02:04:55,083 - pyprobe.gui.code_viewer - DEBUG - Added new probe x with ref count 1\n2026-02-10 02:04:55,083 - pyprobe.gui.code_viewer - DEBUG - After: _active_probes keys: [ProbeAnchor(file='/Users/ppal/repos/pyprobe/regression/loop.py', line=4, col=8, symbol='x', func='main', is_assignment=True)]\n2026-02-10 02:04:55,083 - pyprobe.gui.panel_container - DEBUG - create_panel called: var_name=x, anchor=ProbeAnchor(file='/Users/ppal/repos/pyprobe/regression/loop.py', line=4, col=8, symbol='x', func='main', is_assignment=True)\n2026-02-10 02:04:55,083 - pyprobe.gui.panel_container - DEBUG -   _panels keys: []\n2026-02-10 02:04:55,083 - pyprobe.gui.panel_container - DEBUG -   _panels_by_name keys: []\n2026-02-10 02:04:55,085 - pyprobe.plugins.registry - DEBUG - Registered plugin: Waveform\n2026-02-10 02:04:55,085 - pyprobe.plugins.registry - DEBUG - Registered plugin: Constellation\n2026-02-10 02:04:55,085 - pyprobe.plugins.registry - DEBUG - Registered plugin: Real & Imag\n2026-02-10 02:04:55,085 - pyprobe.plugins.registry - DEBUG - Registered plugin: Mag & Phase\n2026-02-10 02:04:55,085 - pyprobe.plugins.registry - DEBUG - Registered plugin: Log Mag (dB)\n2026-02-10 02:04:55,085 - pyprobe.plugins.registry - DEBUG - Registered plugin: Linear Mag\n2026-02-10 02:04:55,085 - pyprobe.plugins.registry - DEBUG - Registered plugin: Phase (rad)\n2026-02-10 02:04:55,085 - pyprobe.plugins.registry - DEBUG - Registered plugin: Phase (deg)\n2026-02-10 02:04:55,085 - pyprobe.plugins.registry - DEBUG - Registered plugin: History\n2026-02-10 02:04:55,085 - pyprobe.plugins.registry - DEBUG - Registered plugin: Value\n2026-02-10 02:04:55,085 - pyprobe.gui.lens_dropdown - DEBUG - Lens dropdown updated for unknown: 0 compatible\n2026-02-10 02:04:55,102 - pyprobe.gui.probe_panel - DEBUG - Toolbar mode changed to POINTER\n2026-02-10 02:04:55,102 - pyprobe.gui.panel_container - DEBUG -   Created new panel, added to _panels list (now 1 panels for this anchor)\n2026-02-10 02:04:55,102 - pyprobe.gui.focus_manager - DEBUG - Panel registered, total: 1\n2026-02-10 02:04:55,103 - pyprobe.gui.code_viewer - DEBUG - set_probe_graphical: x now has 1 panel(s)\n2026-02-10 02:04:55,103 - pyprobe.gui.main_window - INFO - Added CLI probe for x at 4:8\n2026-02-10 02:04:55,609 - pyprobe.gui.main_window - DEBUG - ScriptRunner started signal received\n2026-02-10 02:04:55,610 - pyprobe.gui.message_handler - DEBUG - Started IPC polling at 16ms interval\n[RUNNER] Compiling script path: /Users/ppal/repos/pyprobe/regression/loop.py\n[TRACE] TRACE_FUNC: /Users/ppal/.local/share/uv/python/cpython-3.12.11-macos-aarch64-none/lib/python3.12/pathlib.py:440 event=line\n[TRACE] TRACE_FUNC: /Users/ppal/.local/share/uv/python/cpython-3.12.11-macos-aarch64-none/lib/python3.12/pathlib.py:441 event=line\n[TRACE] TRACE_FUNC: /Users/ppal/repos/pyprobe/pyprobe/ipc/channels.py:79 event=line\n[TRACE] TRACE_FUNC: /Users/ppal/repos/pyprobe/pyprobe/ipc/channels.py:80 event=line\n[TRACE] TRACE_FUNC: /Users/ppal/.local/share/uv/python/cpython-3.12.11-macos-aarch64-none/lib/python3.12/multiprocessing/queues.py:99 event=line\n[TRACE] TRACE_FUNC: /Users/ppal/.local/share/uv/python/cpython-3.12.11-macos-aarch64-none/lib/python3.12/multiprocessing/queues.py:101 event=line\n[TRACE] TRACE_FUNC: /Users/ppal/.local/share/uv/python/cpython-3.12.11-macos-aarch64-none/lib/python3.12/multiprocessing/queues.py:106 event=line\n[TRACE] TRACE_FUNC: /Users/ppal/.local/share/uv/python/cpython-3.12.11-macos-aarch64-none/lib/python3.12/multiprocessing/queues.py:107 event=line\n[TRACE] TRACE_FUNC: /Users/ppal/.local/share/uv/python/cpython-3.12.11-macos-aarch64-none/lib/python3.12/multiprocessing/queues.py:108 event=line\n[TRACE] TRACE_FUNC: /Users/ppal/.local/share/uv/python/cpython-3.12.11-macos-aarch64-none/lib/python3.12/multiprocessing/queues.py:110 event=line\n[TRACE] TRACE_FUNC: /Users/ppal/.local/share/uv/python/cpython-3.12.11-macos-aarch64-none/lib/python3.12/multiprocessing/queues.py:111 event=line\n[TRACE] TRACE_FUNC: /Users/ppal/.local/share/uv/python/cpython-3.12.11-macos-aarch64-none/lib/python3.12/multiprocessing/queues.py:112 event=line\n[TRACE] TRACE_FUNC: /Users/ppal/.local/share/uv/python/cpython-3.12.11-macos-aarch64-none/lib/python3.12/multiprocessing/queues.py:113 event=line\n[TRACE] TRACE_FUNC: /Users/ppal/.local/share/uv/python/cpython-3.12.11-macos-aarch64-none/lib/python3.12/multiprocessing/connection.py:255 event=line\n[TRACE] TRACE_FUNC: /Users/ppal/.local/share/uv/python/cpython-3.12.11-macos-aarch64-none/lib/python3.12/multiprocessing/connection.py:136 event=line\n[TRACE] TRACE_FUNC: /Users/ppal/.local/share/uv/python/cpython-3.12.11-macos-aarch64-none/lib/python3.12/multiprocessing/connection.py:256 event=line\n[TRACE] TRACE_FUNC: /Users/ppal/.local/share/uv/python/cpython-3.12.11-macos-aarch64-none/lib/python3.12/multiprocessing/connection.py:140 event=line\n[TRACE] TRACE_FUNC: /Users/ppal/.local/share/uv/python/cpython-3.12.11-macos-aarch64-none/lib/python3.12/multiprocessing/connection.py:257 event=line\n[TRACE] TRACE_FUNC: /Users/ppal/.local/share/uv/python/cpython-3.12.11-macos-aarch64-none/lib/python3.12/multiprocessing/connection.py:440 event=line\n[TRACE] TRACE_FUNC: /Users/ppal/.local/share/uv/python/cpython-3.12.11-macos-aarch64-none/lib/python3.12/multiprocessing/connection.py:1128 event=line\n[TRACE] TRACE_FUNC: /Users/ppal/.local/share/uv/python/cpython-3.12.11-macos-aarch64-none/lib/python3.12/selectors.py:348 event=line\n[TRACE] TRACE_FUNC: /Users/ppal/.local/share/uv/python/cpython-3.12.11-macos-aarch64-none/lib/python3.12/selectors.py:211 event=line\n[TRACE] TRACE_FUNC: /Users/ppal/.local/share/uv/python/cpython-3.12.11-macos-aarch64-none/lib/python3.12/selectors.py:213 event=line\n[TRACE] TRACE_FUNC: /Users/ppal/.local/share/uv/python/cpython-3.12.11-macos-aarch64-none/lib/python3.12/selectors.py:64 event=line\n[TRACE] TRACE_FUNC: /Users/ppal/.local/share/uv/python/cpython-3.12.11-macos-aarch64-none/lib/python3.12/selectors.py:349 event=line\n[TRACE] TRACE_FUNC: /Users/ppal/.local/share/uv/python/cpython-3.12.11-macos-aarch64-none/lib/python3.12/selectors.py:200 event=line\n[TRACE] TRACE_FUNC: /Users/ppal/.local/share/uv/python/cpython-3.12.11-macos-aarch64-none/lib/python3.12/multiprocessing/connection.py:1129 event=line\n[TRACE] TRACE_FUNC: /Users/ppal/.local/share/uv/python/cpython-3.12.11-macos-aarch64-none/lib/python3.12/multiprocessing/connection.py:1130 event=line\n[TRACE] TRACE_FUNC: /Users/ppal/.local/share/uv/python/cpython-3.12.11-macos-aarch64-none/lib/python3.12/selectors.py:352 event=line\n[TRACE] TRACE_FUNC: /Users/ppal/.local/share/uv/python/cpython-3.12.11-macos-aarch64-none/lib/python3.12/selectors.py:235 event=line\n[TRACE] TRACE_FUNC: /Users/ppal/.local/share/uv/python/cpython-3.12.11-macos-aarch64-none/lib/python3.12/selectors.py:238 event=line\n[TRACE] TRACE_FUNC: /Users/ppal/.local/share/uv/python/cpython-3.12.11-macos-aarch64-none/lib/python3.12/selectors.py:224 event=line\n[TRACE] TRACE_FUNC: /Users/ppal/.local/share/uv/python/cpython-3.12.11-macos-aarch64-none/lib/python3.12/selectors.py:225 event=line\n[TRACE] TRACE_FUNC: /Users/ppal/.local/share/uv/python/cpython-3.12.11-macos-aarch64-none/lib/python3.12/selectors.py:33 event=line\n[TRACE] TRACE_FUNC: /Users/ppal/.local/share/uv/python/cpython-3.12.11-macos-aarch64-none/lib/python3.12/selectors.py:36 event=line\n[TRACE] TRACE_FUNC: /Users/ppal/.local/share/uv/python/cpython-3.12.11-macos-aarch64-none/lib/python3.12/selectors.py:37 event=line\n[TRACE] TRACE_FUNC: /Users/ppal/.local/share/uv/python/cpython-3.12.11-macos-aarch64-none/lib/python3.12/multiprocessing/connection.py:171 event=line\n[TRACE] TRACE_FUNC: /Users/ppal/.local/share/uv/python/cpython-3.12.11-macos-aarch64-none/lib/python3.12/multiprocessing/connection.py:136 event=line\n[TRACE] TRACE_FUNC: /Users/ppal/.local/share/uv/python/cpython-3.12.11-macos-aarch64-none/lib/python3.12/multiprocessing/connection.py:172 event=line\n[TRACE] TRACE_FUNC: /Users/ppal/.local/share/uv/python/cpython-3.12.11-macos-aarch64-none/lib/python3.12/selectors.py:41 event=line\n[TRACE] TRACE_FUNC: /Users/ppal/.local/share/uv/python/cpython-3.12.11-macos-aarch64-none/lib/python3.12/selectors.py:43 event=line\n[TRACE] TRACE_FUNC: <string>:1 event=line\n[TRACE] TRACE_FUNC: /Users/ppal/.local/share/uv/python/cpython-3.12.11-macos-aarch64-none/lib/python3.12/selectors.py:240 event=line\n[TRACE] TRACE_FUNC: /Users/ppal/.local/share/uv/python/cpython-3.12.11-macos-aarch64-none/lib/python3.12/selectors.py:244 event=line\n[TRACE] TRACE_FUNC: /Users/ppal/.local/share/uv/python/cpython-3.12.11-macos-aarch64-none/lib/python3.12/selectors.py:245 event=line\n[TRACE] TRACE_FUNC: /Users/ppal/.local/share/uv/python/cpython-3.12.11-macos-aarch64-none/lib/python3.12/selectors.py:353 event=line\n[TRACE] TRACE_FUNC: /Users/ppal/.local/share/uv/python/cpython-3.12.11-macos-aarch64-none/lib/python3.12/selectors.py:354 event=line\n[TRACE] TRACE_FUNC: /Users/ppal/.local/share/uv/python/cpython-3.12.11-macos-aarch64-none/lib/python3.12/selectors.py:355 event=line\n[TRACE] TRACE_FUNC: /Users/ppal/.local/share/uv/python/cpython-3.12.11-macos-aarch64-none/lib/python3.12/selectors.py:356 event=line\n[TRACE] TRACE_FUNC: /Users/ppal/.local/share/uv/python/cpython-3.12.11-macos-aarch64-none/lib/python3.12/selectors.py:358 event=line\n[TRACE] TRACE_FUNC: /Users/ppal/.local/share/uv/python/cpython-3.12.11-macos-aarch64-none/lib/python3.12/selectors.py:359 event=line\n[TRACE] TRACE_FUNC: /Users/ppal/.local/share/uv/python/cpython-3.12.11-macos-aarch64-none/lib/python3.12/selectors.py:363 event=line\n[TRACE] TRACE_FUNC: /Users/ppal/.local/share/uv/python/cpython-3.12.11-macos-aarch64-none/lib/python3.12/multiprocessing/connection.py:1129 event=line\n[TRACE] TRACE_FUNC: /Users/ppal/.local/share/uv/python/cpython-3.12.11-macos-aarch64-none/lib/python3.12/multiprocessing/connection.py:1132 event=line\n[TRACE] TRACE_FUNC: /Users/ppal/.local/share/uv/python/cpython-3.12.11-macos-aarch64-none/lib/python3.12/multiprocessing/connection.py:1133 event=line\n[TRACE] TRACE_FUNC: /Users/ppal/.local/share/uv/python/cpython-3.12.11-macos-aarch64-none/lib/python3.12/multiprocessing/connection.py:1135 event=line\n[TRACE] TRACE_FUNC: /Users/ppal/.local/share/uv/python/cpython-3.12.11-macos-aarch64-none/lib/python3.12/multiprocessing/connection.py:1136 event=line\n[TRACE] TRACE_FUNC: /Users/ppal/.local/share/uv/python/cpython-3.12.11-macos-aarch64-none/lib/python3.12/selectors.py:405 event=line\n[TRACE] TRACE_FUNC: /Users/ppal/.local/share/uv/python/cpython-3.12.11-macos-aarch64-none/lib/python3.12/selectors.py:407 event=line\n[TRACE] TRACE_FUNC: /Users/ppal/.local/share/uv/python/cpython-3.12.11-macos-aarch64-none/lib/python3.12/selectors.py:412 event=line\n[TRACE] TRACE_FUNC: /Users/ppal/.local/share/uv/python/cpython-3.12.11-macos-aarch64-none/lib/python3.12/selectors.py:413 event=line\n[TRACE] TRACE_FUNC: /Users/ppal/.local/share/uv/python/cpython-3.12.11-macos-aarch64-none/lib/python3.12/selectors.py:414 event=line\n[TRACE] TRACE_FUNC: /Users/ppal/.local/share/uv/python/cpython-3.12.11-macos-aarch64-none/lib/python3.12/selectors.py:415 event=line\n[TRACE] TRACE_FUNC: /Users/ppal/.local/share/uv/python/cpython-3.12.11-macos-aarch64-none/lib/python3.12/selectors.py:418 event=line\n[TRACE] TRACE_FUNC: /Users/ppal/.local/share/uv/python/cpython-3.12.11-macos-aarch64-none/lib/python3.12/selectors.py:419 event=line\n[TRACE] TRACE_FUNC: /Users/ppal/.local/share/uv/python/cpython-3.12.11-macos-aarch64-none/lib/python3.12/selectors.py:420 event=line\n[TRACE] TRACE_FUNC: /Users/ppal/.local/share/uv/python/cpython-3.12.11-macos-aarch64-none/lib/python3.12/selectors.py:422 event=line\n[TRACE] TRACE_FUNC: /Users/ppal/.local/share/uv/python/cpython-3.12.11-macos-aarch64-none/lib/python3.12/selectors.py:423 event=line\n[TRACE] TRACE_FUNC: /Users/ppal/.local/share/uv/python/cpython-3.12.11-macos-aarch64-none/lib/python3.12/selectors.py:425 event=line\n[TRACE] TRACE_FUNC: /Users/ppal/.local/share/uv/python/cpython-3.12.11-macos-aarch64-none/lib/python3.12/selectors.py:284 event=line\n[TRACE] TRACE_FUNC: /Users/ppal/.local/share/uv/python/cpython-3.12.11-macos-aarch64-none/lib/python3.12/selectors.py:285 event=line\n[TRACE] TRACE_FUNC: /Users/ppal/.local/share/uv/python/cpython-3.12.11-macos-aarch64-none/lib/python3.12/selectors.py:426 event=line\n[TRACE] TRACE_FUNC: /Users/ppal/.local/share/uv/python/cpython-3.12.11-macos-aarch64-none/lib/python3.12/selectors.py:427 event=line\n[TRACE] TRACE_FUNC: /Users/ppal/.local/share/uv/python/cpython-3.12.11-macos-aarch64-none/lib/python3.12/selectors.py:418 event=line\n[TRACE] TRACE_FUNC: /Users/ppal/.local/share/uv/python/cpython-3.12.11-macos-aarch64-none/lib/python3.12/selectors.py:428 event=line\n[TRACE] TRACE_FUNC: /Users/ppal/.local/share/uv/python/cpython-3.12.11-macos-aarch64-none/lib/python3.12/multiprocessing/connection.py:1137 event=line\n[TRACE] TRACE_FUNC: /Users/ppal/.local/share/uv/python/cpython-3.12.11-macos-aarch64-none/lib/python3.12/multiprocessing/connection.py:1138 event=line\n[TRACE] TRACE_FUNC: /Users/ppal/.local/share/uv/python/cpython-3.12.11-macos-aarch64-none/lib/python3.12/multiprocessing/connection.py:1138 event=line\n[TRACE] TRACE_FUNC: /Users/ppal/.local/share/uv/python/cpython-3.12.11-macos-aarch64-none/lib/python3.12/multiprocessing/connection.py:1128 event=line\n[TRACE] TRACE_FUNC: /Users/ppal/.local/share/uv/python/cpython-3.12.11-macos-aarch64-none/lib/python3.12/selectors.py:203 event=line\n[TRACE] TRACE_FUNC: /Users/ppal/.local/share/uv/python/cpython-3.12.11-macos-aarch64-none/lib/python3.12/selectors.py:269 event=line\n[TRACE] TRACE_FUNC: /Users/ppal/.local/share/uv/python/cpython-3.12.11-macos-aarch64-none/lib/python3.12/selectors.py:270 event=line\n[TRACE] TRACE_FUNC: /Users/ppal/.local/share/uv/python/cpython-3.12.11-macos-aarch64-none/lib/python3.12/multiprocessing/connection.py:441 event=line\n[TRACE] TRACE_FUNC: /Users/ppal/.local/share/uv/python/cpython-3.12.11-macos-aarch64-none/lib/python3.12/multiprocessing/queues.py:117 event=line\n[TRACE] TRACE_FUNC: /Users/ppal/.local/share/uv/python/cpython-3.12.11-macos-aarch64-none/lib/python3.12/multiprocessing/connection.py:212 event=line\n[TRACE] TRACE_FUNC: /Users/ppal/.local/share/uv/python/cpython-3.12.11-macos-aarch64-none/lib/python3.12/multiprocessing/connection.py:136 event=line\n[TRACE] TRACE_FUNC: /Users/ppal/.local/share/uv/python/cpython-3.12.11-macos-aarch64-none/lib/python3.12/multiprocessing/connection.py:213 event=line\n[TRACE] TRACE_FUNC: /Users/ppal/.local/share/uv/python/cpython-3.12.11-macos-aarch64-none/lib/python3.12/multiprocessing/connection.py:140 event=line\n[TRACE] TRACE_FUNC: /Users/ppal/.local/share/uv/python/cpython-3.12.11-macos-aarch64-none/lib/python3.12/multiprocessing/connection.py:214 event=line\n[TRACE] TRACE_FUNC: /Users/ppal/.local/share/uv/python/cpython-3.12.11-macos-aarch64-none/lib/python3.12/multiprocessing/connection.py:216 event=line\n[TRACE] TRACE_FUNC: /Users/ppal/.local/share/uv/python/cpython-3.12.11-macos-aarch64-none/lib/python3.12/multiprocessing/connection.py:430 event=line\n[TRACE] TRACE_FUNC: /Users/ppal/.local/share/uv/python/cpython-3.12.11-macos-aarch64-none/lib/python3.12/multiprocessing/connection.py:391 event=line\n[TRACE] TRACE_FUNC: /Users/ppal/.local/share/uv/python/cpython-3.12.11-macos-aarch64-none/lib/python3.12/multiprocessing/connection.py:392 event=line\n[TRACE] TRACE_FUNC: /Users/ppal/.local/share/uv/python/cpython-3.12.11-macos-aarch64-none/lib/python3.12/multiprocessing/connection.py:393 event=line\n[TRACE] TRACE_FUNC: /Users/ppal/.local/share/uv/python/cpython-3.12.11-macos-aarch64-none/lib/python3.12/multiprocessing/connection.py:394 event=line\n[TRACE] TRACE_FUNC: /Users/ppal/.local/share/uv/python/cpython-3.12.11-macos-aarch64-none/lib/python3.12/multiprocessing/connection.py:395 event=line\n[TRACE] TRACE_FUNC: /Users/ppal/.local/share/uv/python/cpython-3.12.11-macos-aarch64-none/lib/python3.12/multiprocessing/connection.py:396 event=line\n[TRACE] TRACE_FUNC: /Users/ppal/.local/share/uv/python/cpython-3.12.11-macos-aarch64-none/lib/python3.12/multiprocessing/connection.py:397 event=line\n[TRACE] TRACE_FUNC: /Users/ppal/.local/share/uv/python/cpython-3.12.11-macos-aarch64-none/lib/python3.12/multiprocessing/connection.py:402 event=line\n[TRACE] TRACE_FUNC: /Users/ppal/.local/share/uv/python/cpython-3.12.11-macos-aarch64-none/lib/python3.12/multiprocessing/connection.py:403 event=line\n[TRACE] TRACE_FUNC: /Users/ppal/.local/share/uv/python/cpython-3.12.11-macos-aarch64-none/lib/python3.12/multiprocessing/connection.py:394 event=line\n[TRACE] TRACE_FUNC: /Users/ppal/.local/share/uv/python/cpython-3.12.11-macos-aarch64-none/lib/python3.12/multiprocessing/connection.py:404 event=line\n[TRACE] TRACE_FUNC: /Users/ppal/.local/share/uv/python/cpython-3.12.11-macos-aarch64-none/lib/python3.12/multiprocessing/connection.py:431 event=line\n[TRACE] TRACE_FUNC: /Users/ppal/.local/share/uv/python/cpython-3.12.11-macos-aarch64-none/lib/python3.12/multiprocessing/connection.py:432 event=line\n[TRACE] TRACE_FUNC: /Users/ppal/.local/share/uv/python/cpython-3.12.11-macos-aarch64-none/lib/python3.12/multiprocessing/connection.py:435 event=line\n[TRACE] TRACE_FUNC: /Users/ppal/.local/share/uv/python/cpython-3.12.11-macos-aarch64-none/lib/python3.12/multiprocessing/connection.py:437 event=line\n[TRACE] TRACE_FUNC: /Users/ppal/.local/share/uv/python/cpython-3.12.11-macos-aarch64-none/lib/python3.12/multiprocessing/connection.py:391 event=line\n[TRACE] TRACE_FUNC: /Users/ppal/.local/share/uv/python/cpython-3.12.11-macos-aarch64-none/lib/python3.12/multiprocessing/connection.py:392 event=line\n[TRACE] TRACE_FUNC: /Users/ppal/.local/share/uv/python/cpython-3.12.11-macos-aarch64-none/lib/python3.12/multiprocessing/connection.py:393 event=line\n[TRACE] TRACE_FUNC: /Users/ppal/.local/share/uv/python/cpython-3.12.11-macos-aarch64-none/lib/python3.12/multiprocessing/connection.py:394 event=line\n[TRACE] TRACE_FUNC: /Users/ppal/.local/share/uv/python/cpython-3.12.11-macos-aarch64-none/lib/python3.12/multiprocessing/connection.py:395 event=line\n[TRACE] TRACE_FUNC: /Users/ppal/.local/share/uv/python/cpython-3.12.11-macos-aarch64-none/lib/python3.12/multiprocessing/connection.py:396 event=line\n[TRACE] TRACE_FUNC: /Users/ppal/.local/share/uv/python/cpython-3.12.11-macos-aarch64-none/lib/python3.12/multiprocessing/connection.py:397 event=line\n[TRACE] TRACE_FUNC: /Users/ppal/.local/share/uv/python/cpython-3.12.11-macos-aarch64-none/lib/python3.12/multiprocessing/connection.py:402 event=line\n[TRACE] TRACE_FUNC: /Users/ppal/.local/share/uv/python/cpython-3.12.11-macos-aarch64-none/lib/python3.12/multiprocessing/connection.py:403 event=line\n[TRACE] TRACE_FUNC: /Users/ppal/.local/share/uv/python/cpython-3.12.11-macos-aarch64-none/lib/python3.12/multiprocessing/connection.py:394 event=line\n[TRACE] TRACE_FUNC: /Users/ppal/.local/share/uv/python/cpython-3.12.11-macos-aarch64-none/lib/python3.12/multiprocessing/connection.py:404 event=line\n[TRACE] TRACE_FUNC: /Users/ppal/.local/share/uv/python/cpython-3.12.11-macos-aarch64-none/lib/python3.12/multiprocessing/connection.py:217 event=line\n[TRACE] TRACE_FUNC: /Users/ppal/.local/share/uv/python/cpython-3.12.11-macos-aarch64-none/lib/python3.12/multiprocessing/connection.py:219 event=line\n[TRACE] TRACE_FUNC: /Users/ppal/.local/share/uv/python/cpython-3.12.11-macos-aarch64-none/lib/python3.12/multiprocessing/queues.py:118 event=line\n[TRACE] TRACE_FUNC: /Users/ppal/.local/share/uv/python/cpython-3.12.11-macos-aarch64-none/lib/python3.12/multiprocessing/queues.py:120 event=line\n[TRACE] TRACE_FUNC: /Users/ppal/.local/share/uv/python/cpython-3.12.11-macos-aarch64-none/lib/python3.12/multiprocessing/queues.py:122 event=line\n[TRACE] TRACE_FUNC: /Users/ppal/.local/share/uv/python/cpython-3.12.11-macos-aarch64-none/lib/python3.12/enum.py:747 event=line\n[TRACE] TRACE_FUNC: /Users/ppal/.local/share/uv/python/cpython-3.12.11-macos-aarch64-none/lib/python3.12/enum.py:749 event=line\n[TRACE] TRACE_FUNC: /Users/ppal/.local/share/uv/python/cpython-3.12.11-macos-aarch64-none/lib/python3.12/enum.py:751 event=line\n[TRACE] TRACE_FUNC: /Users/ppal/.local/share/uv/python/cpython-3.12.11-macos-aarch64-none/lib/python3.12/enum.py:1132 event=line\n[TRACE] TRACE_FUNC: /Users/ppal/.local/share/uv/python/cpython-3.12.11-macos-aarch64-none/lib/python3.12/enum.py:1137 event=line\n[TRACE] TRACE_FUNC: /Users/ppal/.local/share/uv/python/cpython-3.12.11-macos-aarch64-none/lib/python3.12/enum.py:1138 event=line\n[TRACE] TRACE_FUNC: /Users/ppal/repos/pyprobe/pyprobe/core/runner.py:259 event=line\n[TRACE] TRACE_FUNC: /Users/ppal/repos/pyprobe/pyprobe/core/runner.py:273 event=line\n[TRACE] TRACE_FUNC: /Users/ppal/repos/pyprobe/pyprobe/core/runner.py:276 event=line\n[TRACE] TRACE_FUNC: /Users/ppal/repos/pyprobe/pyprobe/core/runner.py:289 event=line\n[TRACE] TRACE_FUNC: /Users/ppal/repos/pyprobe/pyprobe/core/runner.py:293 event=line\n[TRACE] TRACE_FUNC: /Users/ppal/repos/pyprobe/pyprobe/core/runner.py:297 event=line\n[TRACE] TRACE_FUNC: /Users/ppal/repos/pyprobe/pyprobe/core/runner.py:304 event=line\n[TRACE] TRACE_FUNC: /Users/ppal/repos/pyprobe/pyprobe/core/runner.py:305 event=line\n[TRACE] TRACE_FUNC: /Users/ppal/repos/pyprobe/pyprobe/core/anchor.py:42 event=line\n[TRACE] TRACE_FUNC: /Users/ppal/repos/pyprobe/pyprobe/core/anchor.py:43 event=line\n[TRACE] TRACE_FUNC: /Users/ppal/repos/pyprobe/pyprobe/core/anchor.py:44 event=line\n[TRACE] TRACE_FUNC: /Users/ppal/repos/pyprobe/pyprobe/core/anchor.py:45 event=line\n[TRACE] TRACE_FUNC: /Users/ppal/repos/pyprobe/pyprobe/core/anchor.py:46 event=line\n[TRACE] TRACE_FUNC: /Users/ppal/repos/pyprobe/pyprobe/core/anchor.py:47 event=line\n[TRACE] TRACE_FUNC: /Users/ppal/repos/pyprobe/pyprobe/core/anchor.py:48 event=line\n[TRACE] TRACE_FUNC: /Users/ppal/repos/pyprobe/pyprobe/core/anchor.py:42 event=line\n[TRACE] TRACE_FUNC: <string>:3 event=line\n[TRACE] TRACE_FUNC: <string>:4 event=line\n[TRACE] TRACE_FUNC: <string>:5 event=line\n[TRACE] TRACE_FUNC: <string>:6 event=line\n[TRACE] TRACE_FUNC: <string>:7 event=line\n[TRACE] TRACE_FUNC: <string>:8 event=line\n[TRACE] TRACE_FUNC: /Users/ppal/repos/pyprobe/pyprobe/core/runner.py:306 event=line\n[TRACE] TRACE_FUNC: /Users/ppal/repos/pyprobe/pyprobe/core/runner.py:307 event=line\n[TRACE] TRACE_FUNC: /Users/ppal/repos/pyprobe/pyprobe/core/runner.py:308 event=line\n[TRACE] TRACE_FUNC: /Users/ppal/repos/pyprobe/pyprobe/core/runner.py:309 event=line\n[TRACE] TRACE_FUNC: /Users/ppal/repos/pyprobe/pyprobe/core/runner.py:310 event=line\n[TRACE] TRACE_FUNC: /Users/ppal/repos/pyprobe/pyprobe/core/runner.py:307 event=line\n[TRACE] TRACE_FUNC: <string>:3 event=line\n[TRACE] TRACE_FUNC: <string>:4 event=line\n[TRACE] TRACE_FUNC: <string>:5 event=line\n[TRACE] TRACE_FUNC: <string>:6 event=line\n[TRACE] TRACE_FUNC: <string>:7 event=line\n[TRACE] TRACE_FUNC: <string>:8 event=line\n[TRACE] TRACE_FUNC: <string>:9 event=line\n[TRACE] TRACE_FUNC: <string>:10 event=line\n[TRACE] TRACE_FUNC: /Users/ppal/repos/pyprobe/pyprobe/core/runner.py:312 event=line\n[TRACE] TRACE_FUNC: /Users/ppal/repos/pyprobe/pyprobe/core/tracer.py:181 event=line\n[TRACE] TRACE_FUNC: /Users/ppal/repos/pyprobe/pyprobe/core/tracer.py:187 event=line\n[TRACE] TRACE_FUNC: /Users/ppal/repos/pyprobe/pyprobe/core/anchor_matcher.py:18 event=line\n[TRACE] TRACE_FUNC: /Users/ppal/repos/pyprobe/pyprobe/core/anchor_matcher.py:19 event=line\n[TRACE] TRACE_FUNC: /Users/ppal/repos/pyprobe/pyprobe/core/anchor_matcher.py:20 event=line\n[TRACE] TRACE_FUNC: /Users/ppal/repos/pyprobe/pyprobe/core/anchor_matcher.py:21 event=line\n[TRACE] TRACE_FUNC: <string>:3 event=line\n[TRACE] TRACE_FUNC: /Users/ppal/repos/pyprobe/pyprobe/core/anchor_matcher.py:22 event=line\n[TRACE] TRACE_FUNC: /Users/ppal/repos/pyprobe/pyprobe/core/anchor_matcher.py:23 event=line\n[TRACE] TRACE_FUNC: <string>:3 event=line\n[TRACE] TRACE_FUNC: /Users/ppal/repos/pyprobe/pyprobe/core/tracer.py:188 event=line\n[TRACE] TRACE_FUNC: <string>:3 event=line\n[TRACE] TRACE_FUNC: /Users/ppal/repos/pyprobe/pyprobe/ipc/channels.py:79 event=line\n[TRACE] TRACE_FUNC: /Users/ppal/repos/pyprobe/pyprobe/ipc/channels.py:80 event=line\n[TRACE] TRACE_FUNC: /Users/ppal/.local/share/uv/python/cpython-3.12.11-macos-aarch64-none/lib/python3.12/multiprocessing/queues.py:99 event=line\n[TRACE] TRACE_FUNC: /Users/ppal/.local/share/uv/python/cpython-3.12.11-macos-aarch64-none/lib/python3.12/multiprocessing/queues.py:101 event=line\n[TRACE] TRACE_FUNC: /Users/ppal/.local/share/uv/python/cpython-3.12.11-macos-aarch64-none/lib/python3.12/multiprocessing/queues.py:106 event=line\n[TRACE] TRACE_FUNC: /Users/ppal/.local/share/uv/python/cpython-3.12.11-macos-aarch64-none/lib/python3.12/multiprocessing/queues.py:107 event=line\n[TRACE] TRACE_FUNC: /Users/ppal/.local/share/uv/python/cpython-3.12.11-macos-aarch64-none/lib/python3.12/multiprocessing/queues.py:108 event=line\n[TRACE] TRACE_FUNC: /Users/ppal/.local/share/uv/python/cpython-3.12.11-macos-aarch64-none/lib/python3.12/multiprocessing/queues.py:110 event=line\n[TRACE] TRACE_FUNC: /Users/ppal/.local/share/uv/python/cpython-3.12.11-macos-aarch64-none/lib/python3.12/multiprocessing/queues.py:111 event=line\n[TRACE] TRACE_FUNC: /Users/ppal/.local/share/uv/python/cpython-3.12.11-macos-aarch64-none/lib/python3.12/multiprocessing/queues.py:112 event=line\n[TRACE] TRACE_FUNC: /Users/ppal/.local/share/uv/python/cpython-3.12.11-macos-aarch64-none/lib/python3.12/multiprocessing/queues.py:113 event=line\n[TRACE] TRACE_FUNC: /Users/ppal/.local/share/uv/python/cpython-3.12.11-macos-aarch64-none/lib/python3.12/multiprocessing/connection.py:255 event=line\n[TRACE] TRACE_FUNC: /Users/ppal/.local/share/uv/python/cpython-3.12.11-macos-aarch64-none/lib/python3.12/multiprocessing/connection.py:136 event=line\n[TRACE] TRACE_FUNC: /Users/ppal/.local/share/uv/python/cpython-3.12.11-macos-aarch64-none/lib/python3.12/multiprocessing/connection.py:256 event=line\n[TRACE] TRACE_FUNC: /Users/ppal/.local/share/uv/python/cpython-3.12.11-macos-aarch64-none/lib/python3.12/multiprocessing/connection.py:140 event=line\n[TRACE] TRACE_FUNC: /Users/ppal/.local/share/uv/python/cpython-3.12.11-macos-aarch64-none/lib/python3.12/multiprocessing/connection.py:257 event=line\n[TRACE] TRACE_FUNC: /Users/ppal/.local/share/uv/python/cpython-3.12.11-macos-aarch64-none/lib/python3.12/multiprocessing/connection.py:440 event=line\n[TRACE] TRACE_FUNC: /Users/ppal/.local/share/uv/python/cpython-3.12.11-macos-aarch64-none/lib/python3.12/multiprocessing/connection.py:1128 event=line\n[TRACE] TRACE_FUNC: /Users/ppal/.local/share/uv/python/cpython-3.12.11-macos-aarch64-none/lib/python3.12/selectors.py:348 event=line\n[TRACE] TRACE_FUNC: /Users/ppal/.local/share/uv/python/cpython-3.12.11-macos-aarch64-none/lib/python3.12/selectors.py:211 event=line\n[TRACE] TRACE_FUNC: /Users/ppal/.local/share/uv/python/cpython-3.12.11-macos-aarch64-none/lib/python3.12/selectors.py:213 event=line\n[TRACE] TRACE_FUNC: /Users/ppal/.local/share/uv/python/cpython-3.12.11-macos-aarch64-none/lib/python3.12/selectors.py:64 event=line\n[TRACE] TRACE_FUNC: /Users/ppal/.local/share/uv/python/cpython-3.12.11-macos-aarch64-none/lib/python3.12/selectors.py:349 event=line\n[TRACE] TRACE_FUNC: /Users/ppal/.local/share/uv/python/cpython-3.12.11-macos-aarch64-none/lib/python3.12/selectors.py:200 event=line\n[TRACE] TRACE_FUNC: /Users/ppal/.local/share/uv/python/cpython-3.12.11-macos-aarch64-none/lib/python3.12/multiprocessing/connection.py:1129 event=line\n[TRACE] TRACE_FUNC: /Users/ppal/.local/share/uv/python/cpython-3.12.11-macos-aarch64-none/lib/python3.12/multiprocessing/connection.py:1130 event=line\n[TRACE] TRACE_FUNC: /Users/ppal/.local/share/uv/python/cpython-3.12.11-macos-aarch64-none/lib/python3.12/selectors.py:352 event=line\n[TRACE] TRACE_FUNC: /Users/ppal/.local/share/uv/python/cpython-3.12.11-macos-aarch64-none/lib/python3.12/selectors.py:235 event=line\n[TRACE] TRACE_FUNC: /Users/ppal/.local/share/uv/python/cpython-3.12.11-macos-aarch64-none/lib/python3.12/selectors.py:238 event=line\n[TRACE] TRACE_FUNC: /Users/ppal/.local/share/uv/python/cpython-3.12.11-macos-aarch64-none/lib/python3.12/selectors.py:224 event=line\n[TRACE] TRACE_FUNC: /Users/ppal/.local/share/uv/python/cpython-3.12.11-macos-aarch64-none/lib/python3.12/selectors.py:225 event=line\n[TRACE] TRACE_FUNC: /Users/ppal/.local/share/uv/python/cpython-3.12.11-macos-aarch64-none/lib/python3.12/selectors.py:33 event=line\n[TRACE] TRACE_FUNC: /Users/ppal/.local/share/uv/python/cpython-3.12.11-macos-aarch64-none/lib/python3.12/selectors.py:36 event=line\n[TRACE] TRACE_FUNC: /Users/ppal/.local/share/uv/python/cpython-3.12.11-macos-aarch64-none/lib/python3.12/selectors.py:37 event=line\n[TRACE] TRACE_FUNC: /Users/ppal/.local/share/uv/python/cpython-3.12.11-macos-aarch64-none/lib/python3.12/multiprocessing/connection.py:171 event=line\n[TRACE] TRACE_FUNC: /Users/ppal/.local/share/uv/python/cpython-3.12.11-macos-aarch64-none/lib/python3.12/multiprocessing/connection.py:136 event=line\n[TRACE] TRACE_FUNC: /Users/ppal/.local/share/uv/python/cpython-3.12.11-macos-aarch64-none/lib/python3.12/multiprocessing/connection.py:172 event=line\n[TRACE] TRACE_FUNC: /Users/ppal/.local/share/uv/python/cpython-3.12.11-macos-aarch64-none/lib/python3.12/selectors.py:41 event=line\n[TRACE] TRACE_FUNC: /Users/ppal/.local/share/uv/python/cpython-3.12.11-macos-aarch64-none/lib/python3.12/selectors.py:43 event=line\n[TRACE] TRACE_FUNC: <string>:1 event=line\n[TRACE] TRACE_FUNC: /Users/ppal/.local/share/uv/python/cpython-3.12.11-macos-aarch64-none/lib/python3.12/selectors.py:240 event=line\n[TRACE] TRACE_FUNC: /Users/ppal/.local/share/uv/python/cpython-3.12.11-macos-aarch64-none/lib/python3.12/selectors.py:244 event=line\n[TRACE] TRACE_FUNC: /Users/ppal/.local/share/uv/python/cpython-3.12.11-macos-aarch64-none/lib/python3.12/selectors.py:245 event=line\n[TRACE] TRACE_FUNC: /Users/ppal/.local/share/uv/python/cpython-3.12.11-macos-aarch64-none/lib/python3.12/selectors.py:353 event=line\n[TRACE] TRACE_FUNC: /Users/ppal/.local/share/uv/python/cpython-3.12.11-macos-aarch64-none/lib/python3.12/selectors.py:354 event=line\n[TRACE] TRACE_FUNC: /Users/ppal/.local/share/uv/python/cpython-3.12.11-macos-aarch64-none/lib/python3.12/selectors.py:355 event=line\n[TRACE] TRACE_FUNC: /Users/ppal/.local/share/uv/python/cpython-3.12.11-macos-aarch64-none/lib/python3.12/selectors.py:356 event=line\n[TRACE] TRACE_FUNC: /Users/ppal/.local/share/uv/python/cpython-3.12.11-macos-aarch64-none/lib/python3.12/selectors.py:358 event=line\n[TRACE] TRACE_FUNC: /Users/ppal/.local/share/uv/python/cpython-3.12.11-macos-aarch64-none/lib/python3.12/selectors.py:359 event=line\n[TRACE] TRACE_FUNC: /Users/ppal/.local/share/uv/python/cpython-3.12.11-macos-aarch64-none/lib/python3.12/selectors.py:363 event=line\n[TRACE] TRACE_FUNC: /Users/ppal/.local/share/uv/python/cpython-3.12.11-macos-aarch64-none/lib/python3.12/multiprocessing/connection.py:1129 event=line\n[TRACE] TRACE_FUNC: /Users/ppal/.local/share/uv/python/cpython-3.12.11-macos-aarch64-none/lib/python3.12/multiprocessing/connection.py:1132 event=line\n[TRACE] TRACE_FUNC: /Users/ppal/.local/share/uv/python/cpython-3.12.11-macos-aarch64-none/lib/python3.12/multiprocessing/connection.py:1133 event=line\n[TRACE] TRACE_FUNC: /Users/ppal/.local/share/uv/python/cpython-3.12.11-macos-aarch64-none/lib/python3.12/multiprocessing/connection.py:1135 event=line\n[TRACE] TRACE_FUNC: /Users/ppal/.local/share/uv/python/cpython-3.12.11-macos-aarch64-none/lib/python3.12/multiprocessing/connection.py:1136 event=line\n[TRACE] TRACE_FUNC: /Users/ppal/.local/share/uv/python/cpython-3.12.11-macos-aarch64-none/lib/python3.12/selectors.py:405 event=line\n[TRACE] TRACE_FUNC: /Users/ppal/.local/share/uv/python/cpython-3.12.11-macos-aarch64-none/lib/python3.12/selectors.py:407 event=line\n[TRACE] TRACE_FUNC: /Users/ppal/.local/share/uv/python/cpython-3.12.11-macos-aarch64-none/lib/python3.12/selectors.py:412 event=line\n[TRACE] TRACE_FUNC: /Users/ppal/.local/share/uv/python/cpython-3.12.11-macos-aarch64-none/lib/python3.12/selectors.py:413 event=line\n[TRACE] TRACE_FUNC: /Users/ppal/.local/share/uv/python/cpython-3.12.11-macos-aarch64-none/lib/python3.12/selectors.py:414 event=line\n[TRACE] TRACE_FUNC: /Users/ppal/.local/share/uv/python/cpython-3.12.11-macos-aarch64-none/lib/python3.12/selectors.py:415 event=line\n[TRACE] TRACE_FUNC: /Users/ppal/.local/share/uv/python/cpython-3.12.11-macos-aarch64-none/lib/python3.12/selectors.py:418 event=line\n[TRACE] TRACE_FUNC: /Users/ppal/.local/share/uv/python/cpython-3.12.11-macos-aarch64-none/lib/python3.12/selectors.py:419 event=line\n[TRACE] TRACE_FUNC: /Users/ppal/.local/share/uv/python/cpython-3.12.11-macos-aarch64-none/lib/python3.12/selectors.py:420 event=line\n[TRACE] TRACE_FUNC: /Users/ppal/.local/share/uv/python/cpython-3.12.11-macos-aarch64-none/lib/python3.12/selectors.py:422 event=line\n[TRACE] TRACE_FUNC: /Users/ppal/.local/share/uv/python/cpython-3.12.11-macos-aarch64-none/lib/python3.12/selectors.py:423 event=line\n[TRACE] TRACE_FUNC: /Users/ppal/.local/share/uv/python/cpython-3.12.11-macos-aarch64-none/lib/python3.12/selectors.py:425 event=line\n[TRACE] TRACE_FUNC: /Users/ppal/.local/share/uv/python/cpython-3.12.11-macos-aarch64-none/lib/python3.12/selectors.py:284 event=line\n[TRACE] TRACE_FUNC: /Users/ppal/.local/share/uv/python/cpython-3.12.11-macos-aarch64-none/lib/python3.12/selectors.py:285 event=line\n[TRACE] TRACE_FUNC: /Users/ppal/.local/share/uv/python/cpython-3.12.11-macos-aarch64-none/lib/python3.12/selectors.py:426 event=line\n[TRACE] TRACE_FUNC: /Users/ppal/.local/share/uv/python/cpython-3.12.11-macos-aarch64-none/lib/python3.12/selectors.py:427 event=line\n[TRACE] TRACE_FUNC: /Users/ppal/.local/share/uv/python/cpython-3.12.11-macos-aarch64-none/lib/python3.12/selectors.py:418 event=line\n[TRACE] TRACE_FUNC: /Users/ppal/.local/share/uv/python/cpython-3.12.11-macos-aarch64-none/lib/python3.12/selectors.py:428 event=line\n[TRACE] TRACE_FUNC: /Users/ppal/.local/share/uv/python/cpython-3.12.11-macos-aarch64-none/lib/python3.12/multiprocessing/connection.py:1137 event=line\n[TRACE] TRACE_FUNC: /Users/ppal/.local/share/uv/python/cpython-3.12.11-macos-aarch64-none/lib/python3.12/multiprocessing/connection.py:1138 event=line\n[TRACE] TRACE_FUNC: /Users/ppal/.local/share/uv/python/cpython-3.12.11-macos-aarch64-none/lib/python3.12/multiprocessing/connection.py:1138 event=line\n[TRACE] TRACE_FUNC: /Users/ppal/.local/share/uv/python/cpython-3.12.11-macos-aarch64-none/lib/python3.12/multiprocessing/connection.py:1128 event=line\n[TRACE] TRACE_FUNC: /Users/ppal/.local/share/uv/python/cpython-3.12.11-macos-aarch64-none/lib/python3.12/selectors.py:203 event=line\n[TRACE] TRACE_FUNC: /Users/ppal/.local/share/uv/python/cpython-3.12.11-macos-aarch64-none/lib/python3.12/selectors.py:269 event=line\n[TRACE] TRACE_FUNC: /Users/ppal/.local/share/uv/python/cpython-3.12.11-macos-aarch64-none/lib/python3.12/selectors.py:270 event=line\n[TRACE] TRACE_FUNC: /Users/ppal/.local/share/uv/python/cpython-3.12.11-macos-aarch64-none/lib/python3.12/multiprocessing/connection.py:441 event=line\n[TRACE] TRACE_FUNC: /Users/ppal/.local/share/uv/python/cpython-3.12.11-macos-aarch64-none/lib/python3.12/multiprocessing/queues.py:117 event=line\n[TRACE] TRACE_FUNC: /Users/ppal/.local/share/uv/python/cpython-3.12.11-macos-aarch64-none/lib/python3.12/multiprocessing/connection.py:212 event=line\n[TRACE] TRACE_FUNC: /Users/ppal/.local/share/uv/python/cpython-3.12.11-macos-aarch64-none/lib/python3.12/multiprocessing/connection.py:136 event=line\n[TRACE] TRACE_FUNC: /Users/ppal/.local/share/uv/python/cpython-3.12.11-macos-aarch64-none/lib/python3.12/multiprocessing/connection.py:213 event=line\n[TRACE] TRACE_FUNC: /Users/ppal/.local/share/uv/python/cpython-3.12.11-macos-aarch64-none/lib/python3.12/multiprocessing/connection.py:140 event=line\n[TRACE] TRACE_FUNC: /Users/ppal/.local/share/uv/python/cpython-3.12.11-macos-aarch64-none/lib/python3.12/multiprocessing/connection.py:214 event=line\n[TRACE] TRACE_FUNC: /Users/ppal/.local/share/uv/python/cpython-3.12.11-macos-aarch64-none/lib/python3.12/multiprocessing/connection.py:216 event=line\n[TRACE] TRACE_FUNC: /Users/ppal/.local/share/uv/python/cpython-3.12.11-macos-aarch64-none/lib/python3.12/multiprocessing/connection.py:430 event=line\n[TRACE] TRACE_FUNC: /Users/ppal/.local/share/uv/python/cpython-3.12.11-macos-aarch64-none/lib/python3.12/multiprocessing/connection.py:391 event=line\n[TRACE] TRACE_FUNC: /Users/ppal/.local/share/uv/python/cpython-3.12.11-macos-aarch64-none/lib/python3.12/multiprocessing/connection.py:392 event=line\n[TRACE] TRACE_FUNC: /Users/ppal/.local/share/uv/python/cpython-3.12.11-macos-aarch64-none/lib/python3.12/multiprocessing/connection.py:393 event=line\n[TRACE] TRACE_FUNC: /Users/ppal/.local/share/uv/python/cpython-3.12.11-macos-aarch64-none/lib/python3.12/multiprocessing/connection.py:394 event=line\n[TRACE] TRACE_FUNC: /Users/ppal/.local/share/uv/python/cpython-3.12.11-macos-aarch64-none/lib/python3.12/multiprocessing/connection.py:395 event=line\n[TRACE] TRACE_FUNC: /Users/ppal/.local/share/uv/python/cpython-3.12.11-macos-aarch64-none/lib/python3.12/multiprocessing/connection.py:396 event=line\n[TRACE] TRACE_FUNC: /Users/ppal/.local/share/uv/python/cpython-3.12.11-macos-aarch64-none/lib/python3.12/multiprocessing/connection.py:397 event=line\n[TRACE] TRACE_FUNC: /Users/ppal/.local/share/uv/python/cpython-3.12.11-macos-aarch64-none/lib/python3.12/multiprocessing/connection.py:402 event=line\n[TRACE] TRACE_FUNC: /Users/ppal/.local/share/uv/python/cpython-3.12.11-macos-aarch64-none/lib/python3.12/multiprocessing/connection.py:403 event=line\n[TRACE] TRACE_FUNC: /Users/ppal/.local/share/uv/python/cpython-3.12.11-macos-aarch64-none/lib/python3.12/multiprocessing/connection.py:394 event=line\n[TRACE] TRACE_FUNC: /Users/ppal/.local/share/uv/python/cpython-3.12.11-macos-aarch64-none/lib/python3.12/multiprocessing/connection.py:404 event=line\n[TRACE] TRACE_FUNC: /Users/ppal/.local/share/uv/python/cpython-3.12.11-macos-aarch64-none/lib/python3.12/multiprocessing/connection.py:431 event=line\n[TRACE] TRACE_FUNC: /Users/ppal/.local/share/uv/python/cpython-3.12.11-macos-aarch64-none/lib/python3.12/multiprocessing/connection.py:432 event=line\n[TRACE] TRACE_FUNC: /Users/ppal/.local/share/uv/python/cpython-3.12.11-macos-aarch64-none/lib/python3.12/multiprocessing/connection.py:435 event=line\n[TRACE] TRACE_FUNC: /Users/ppal/.local/share/uv/python/cpython-3.12.11-macos-aarch64-none/lib/python3.12/multiprocessing/connection.py:437 event=line\n[TRACE] TRACE_FUNC: /Users/ppal/.local/share/uv/python/cpython-3.12.11-macos-aarch64-none/lib/python3.12/multiprocessing/connection.py:391 event=line\n[TRACE] TRACE_FUNC: /Users/ppal/.local/share/uv/python/cpython-3.12.11-macos-aarch64-none/lib/python3.12/multiprocessing/connection.py:392 event=line\n[TRACE] TRACE_FUNC: /Users/ppal/.local/share/uv/python/cpython-3.12.11-macos-aarch64-none/lib/python3.12/multiprocessing/connection.py:393 event=line\n[TRACE] TRACE_FUNC: /Users/ppal/.local/share/uv/python/cpython-3.12.11-macos-aarch64-none/lib/python3.12/multiprocessing/connection.py:394 event=line\n[TRACE] TRACE_FUNC: /Users/ppal/.local/share/uv/python/cpython-3.12.11-macos-aarch64-none/lib/python3.12/multiprocessing/connection.py:395 event=line\n[TRACE] TRACE_FUNC: /Users/ppal/.local/share/uv/python/cpython-3.12.11-macos-aarch64-none/lib/python3.12/multiprocessing/connection.py:396 event=line\n[TRACE] TRACE_FUNC: /Users/ppal/.local/share/uv/python/cpython-3.12.11-macos-aarch64-none/lib/python3.12/multiprocessing/connection.py:397 event=line\n[TRACE] TRACE_FUNC: /Users/ppal/.local/share/uv/python/cpython-3.12.11-macos-aarch64-none/lib/python3.12/multiprocessing/connection.py:402 event=line\n[TRACE] TRACE_FUNC: /Users/ppal/.local/share/uv/python/cpython-3.12.11-macos-aarch64-none/lib/python3.12/multiprocessing/connection.py:403 event=line\n[TRACE] TRACE_FUNC: /Users/ppal/.local/share/uv/python/cpython-3.12.11-macos-aarch64-none/lib/python3.12/multiprocessing/connection.py:394 event=line\n[TRACE] TRACE_FUNC: /Users/ppal/.local/share/uv/python/cpython-3.12.11-macos-aarch64-none/lib/python3.12/multiprocessing/connection.py:404 event=line\n[TRACE] TRACE_FUNC: /Users/ppal/.local/share/uv/python/cpython-3.12.11-macos-aarch64-none/lib/python3.12/multiprocessing/connection.py:217 event=line\n[TRACE] TRACE_FUNC: /Users/ppal/.local/share/uv/python/cpython-3.12.11-macos-aarch64-none/lib/python3.12/multiprocessing/connection.py:219 event=line\n[TRACE] TRACE_FUNC: /Users/ppal/.local/share/uv/python/cpython-3.12.11-macos-aarch64-none/lib/python3.12/multiprocessing/queues.py:118 event=line\n[TRACE] TRACE_FUNC: /Users/ppal/.local/share/uv/python/cpython-3.12.11-macos-aarch64-none/lib/python3.12/multiprocessing/queues.py:120 event=line\n[TRACE] TRACE_FUNC: /Users/ppal/.local/share/uv/python/cpython-3.12.11-macos-aarch64-none/lib/python3.12/multiprocessing/queues.py:122 event=line\n[TRACE] TRACE_FUNC: /Users/ppal/.local/share/uv/python/cpython-3.12.11-macos-aarch64-none/lib/python3.12/enum.py:747 event=line\n[TRACE] TRACE_FUNC: /Users/ppal/.local/share/uv/python/cpython-3.12.11-macos-aarch64-none/lib/python3.12/enum.py:749 event=line\n[TRACE] TRACE_FUNC: /Users/ppal/.local/share/uv/python/cpython-3.12.11-macos-aarch64-none/lib/python3.12/enum.py:751 event=line\n[TRACE] TRACE_FUNC: /Users/ppal/.local/share/uv/python/cpython-3.12.11-macos-aarch64-none/lib/python3.12/enum.py:1132 event=line\n[TRACE] TRACE_FUNC: /Users/ppal/.local/share/uv/python/cpython-3.12.11-macos-aarch64-none/lib/python3.12/enum.py:1137 event=line\n[TRACE] TRACE_FUNC: /Users/ppal/.local/share/uv/python/cpython-3.12.11-macos-aarch64-none/lib/python3.12/enum.py:1138 event=line\n[TRACE] TRACE_FUNC: /Users/ppal/.local/share/uv/python/cpython-3.12.11-macos-aarch64-none/lib/python3.12/threading.py:1230 event=line\n[TRACE] TRACE_FUNC: /Users/ppal/.local/share/uv/python/cpython-3.12.11-macos-aarch64-none/lib/python3.12/threading.py:1231 event=line\n[TRACE] TRACE_FUNC: /Users/ppal/.local/share/uv/python/cpython-3.12.11-macos-aarch64-none/lib/python3.12/threading.py:603 event=line\n[TRACE] TRACE_FUNC: /Users/ppal/.local/share/uv/python/cpython-3.12.11-macos-aarch64-none/lib/python3.12/threading.py:1232 event=line\n[TRACE] TRACE_FUNC: /Users/ppal/.local/share/uv/python/cpython-3.12.11-macos-aarch64-none/lib/python3.12/threading.py:985 event=line\n[TRACE] TRACE_FUNC: /Users/ppal/.local/share/uv/python/cpython-3.12.11-macos-aarch64-none/lib/python3.12/threading.py:988 event=line\n[TRACE] TRACE_FUNC: /Users/ppal/.local/share/uv/python/cpython-3.12.11-macos-aarch64-none/lib/python3.12/threading.py:603 event=line\n[TRACE] TRACE_FUNC: /Users/ppal/.local/share/uv/python/cpython-3.12.11-macos-aarch64-none/lib/python3.12/threading.py:991 event=line\n[TRACE] TRACE_FUNC: /Users/ppal/.local/share/uv/python/cpython-3.12.11-macos-aarch64-none/lib/python3.12/threading.py:992 event=line\n[TRACE] TRACE_FUNC: /Users/ppal/.local/share/uv/python/cpython-3.12.11-macos-aarch64-none/lib/python3.12/threading.py:991 event=line\n[TRACE] TRACE_FUNC: /Users/ppal/.local/share/uv/python/cpython-3.12.11-macos-aarch64-none/lib/python3.12/threading.py:993 event=line\n[TRACE] TRACE_FUNC: /Users/ppal/.local/share/uv/python/cpython-3.12.11-macos-aarch64-none/lib/python3.12/threading.py:994 event=line\n[TRACE] TRACE_FUNC: /Users/ppal/.local/share/uv/python/cpython-3.12.11-macos-aarch64-none/lib/python3.12/threading.py:999 event=line\n[TRACE] TRACE_FUNC: /Users/ppal/.local/share/uv/python/cpython-3.12.11-macos-aarch64-none/lib/python3.12/threading.py:652 event=line\n[TRACE] TRACE_FUNC: /Users/ppal/.local/share/uv/python/cpython-3.12.11-macos-aarch64-none/lib/python3.12/threading.py:300 event=line\n[TRACE] TRACE_FUNC: /Users/ppal/.local/share/uv/python/cpython-3.12.11-macos-aarch64-none/lib/python3.12/threading.py:653 event=line[RUNNER] DATA_SCRIPT_END sent successfully on attempt 1\n2026-02-10 02:04:55,926 - pyprobe.gui.message_handler - DEBUG - DATA_SCRIPT_END received, emitting script_ended signal\n2026-02-10 02:04:55,926 - pyprobe.gui.main_window - DEBUG - _on_script_ended called\n2026-02-10 02:04:55,926 - pyprobe.gui.main_window - DEBUG -   is_loop_enabled=False, user_stopped=False, should_loop=False\n2026-02-10 02:04:55,926 - pyprobe.gui.main_window - DEBUG -   -> taking cleanup path\n2026-02-10 02:04:55,926 - pyprobe.gui.message_handler - DEBUG - Stopped IPC polling\n2026-02-10 02:04:56,277 - pyprobe.gui.main_window - DEBUG - ScriptRunner ended signal received\n2026-02-10 02:04:56,277 - pyprobe.gui.message_handler - DEBUG - Stopped IPC polling\n2026-02-10 02:04:56,277 - pyprobe.gui.main_window - INFO - Auto-quit requested, closing application\n2026-02-10 02:04:57,279 - pyprobe.gui.main_window - DEBUG - ScriptRunner ended signal received\n2026-02-10 02:04:57,279 - pyprobe.gui.message_handler - DEBUG - Stopped IPC polling\n[TRACE] ScriptRunner.start: Sending ADD_PROBE for 1 anchors\n[TRACE] ScriptRunner.start: ADD_PROBE x at line 4\n" : GUI did not receive probe data for x

----------------------------------------------------------------------
Ran 1 test in 2.564s

FAILED (failures=1)
Running command: /Users/ppal/repos/pyprobe/.venv/bin/python -m pyprobe --auto-run --auto-quit --probe 4:x:1 --loglevel DEBUG --log-console /Users/ppal/repos/pyprobe/regression/loop.py
